<?xml version="1.0" encoding="UTF-8"?>
<testsuites name="GutTests" failures="0" tests="7" >
  <testsuite name="tests/unit/test_player_placeholder.gd" tests="4" failures="0" skipped="0" time="0.000754" >
      <testcase name="test_character_body_3d_can_be_instantiated" assertions="1" status="pass" classname="tests/unit/test_player_placeholder.gd" time="0.00032" >
      </testcase>
      <testcase name="test_character_body_3d_has_collision_layer" assertions="1" status="pass" classname="tests/unit/test_player_placeholder.gd" time="0.000077" >
      </testcase>
      <testcase name="test_character_body_3d_position_defaults_to_origin" assertions="1" status="pass" classname="tests/unit/test_player_placeholder.gd" time="0.000129" >
      </testcase>
      <testcase name="test_character_body_3d_can_be_moved" assertions="3" status="pass" classname="tests/unit/test_player_placeholder.gd" time="0.000228" >
      </testcase>
      </testsuite>
  <testsuite name="tests/unit/test_project_load.gd" tests="3" failures="0" skipped="0" time="0.000338" >
      <testcase name="test_project_loads_without_errors" assertions="1" status="pass" classname="tests/unit/test_project_load.gd" time="0.000071" >
      </testcase>
      <testcase name="test_main_scene_is_accessible" assertions="1" status="pass" classname="tests/unit/test_project_load.gd" time="0.000168" >
      </testcase>
      <testcase name="test_gut_framework_is_loaded" assertions="1" status="pass" classname="tests/unit/test_project_load.gd" time="0.000099" >
      </testcase>
      </testsuite>
  </testsuites>